// Jest Snapshot v1, https://goo.gl/fbAQLP

exports[`renders correctly 1`] = `
<View
  style={
    Object {
      "flex": 1,
    }
  }
>
  <View
    elevation={5}
    style={
      Object {
        "alignItems": "center",
        "backgroundColor": "#f7be16",
        "flex": 0.05,
        "flexDirection": "row",
        "justifyContent": "center",
        "padding": 15,
      }
    }
  >
    <Text
      style={
        Object {
          "color": "white",
          "fontSize": 25,
        }
      }
    >
      Verification
    </Text>
  </View>
  <View
    style={
      Object {
        "alignItems": "center",
        "justifyContent": "center",
        "paddingLeft": 20,
        "paddingRight": 20,
      }
    }
  >
    <View
      style={
        Object {
          "padding": 20,
        }
      }
    >
      <Text
        style={
          Object {
            "fontSize": 18,
          }
        }
      >
        Your 4-digit PIN
      </Text>
      <View
        style={
          Object {
            "alignItems": "center",
            "padding": 20,
          }
        }
      >
        <View
          style={
            Object {
              "width": 80,
            }
          }
        >
          <TextInput
            allowFontScaling={true}
            keyboardType="numeric"
            maxLength={4}
            onChangeText={[Function]}
            rejectResponderTermination={true}
            secureTextEntry={true}
            style={
              Object {
                "backgroundColor": "white",
                "borderColor": "#ec9b3b",
                "borderWidth": 2,
                "fontFamily": "monospace",
              }
            }
            underlineColorAndroid="transparent"
            value=""
          />
        </View>
      </View>
    </View>
  </View>
</View>
`;
